Archive member included to satisfy reference by file (symbol)

D:/Embedded Systems/STM32CubeIDE_1.13.2/STM32CubeIDE/plugins/com.st.stm32cube.ide.mcu.externaltools.gnu-tools-for-stm32.11.3.rel1.win32_1.1.1.202309131626/tools/bin/../lib/gcc/arm-none-eabi/11.3.1/../../../../arm-none-eabi/lib/thumb/v7-m/nofp\libc_nano.a(libc_a-exit.o)
                              D:/Embedded Systems/STM32CubeIDE_1.13.2/STM32CubeIDE/plugins/com.st.stm32cube.ide.mcu.externaltools.gnu-tools-for-stm32.11.3.rel1.win32_1.1.1.202309131626/tools/bin/../lib/gcc/arm-none-eabi/11.3.1/../../../../arm-none-eabi/lib/thumb/v7-m/nofp/crt0.o (exit)
D:/Embedded Systems/STM32CubeIDE_1.13.2/STM32CubeIDE/plugins/com.st.stm32cube.ide.mcu.externaltools.gnu-tools-for-stm32.11.3.rel1.win32_1.1.1.202309131626/tools/bin/../lib/gcc/arm-none-eabi/11.3.1/../../../../arm-none-eabi/lib/thumb/v7-m/nofp\libc_nano.a(libc_a-findfp.o)
                              D:/Embedded Systems/STM32CubeIDE_1.13.2/STM32CubeIDE/plugins/com.st.stm32cube.ide.mcu.externaltools.gnu-tools-for-stm32.11.3.rel1.win32_1.1.1.202309131626/tools/bin/../lib/gcc/arm-none-eabi/11.3.1/../../../../arm-none-eabi/lib/thumb/v7-m/nofp\libc_nano.a(libc_a-exit.o) (__stdio_exit_handler)
D:/Embedded Systems/STM32CubeIDE_1.13.2/STM32CubeIDE/plugins/com.st.stm32cube.ide.mcu.externaltools.gnu-tools-for-stm32.11.3.rel1.win32_1.1.1.202309131626/tools/bin/../lib/gcc/arm-none-eabi/11.3.1/../../../../arm-none-eabi/lib/thumb/v7-m/nofp\libc_nano.a(libc_a-fwalk.o)
                              D:/Embedded Systems/STM32CubeIDE_1.13.2/STM32CubeIDE/plugins/com.st.stm32cube.ide.mcu.externaltools.gnu-tools-for-stm32.11.3.rel1.win32_1.1.1.202309131626/tools/bin/../lib/gcc/arm-none-eabi/11.3.1/../../../../arm-none-eabi/lib/thumb/v7-m/nofp\libc_nano.a(libc_a-findfp.o) (_fwalk_sglue)
D:/Embedded Systems/STM32CubeIDE_1.13.2/STM32CubeIDE/plugins/com.st.stm32cube.ide.mcu.externaltools.gnu-tools-for-stm32.11.3.rel1.win32_1.1.1.202309131626/tools/bin/../lib/gcc/arm-none-eabi/11.3.1/../../../../arm-none-eabi/lib/thumb/v7-m/nofp\libc_nano.a(libc_a-stdio.o)
                              D:/Embedded Systems/STM32CubeIDE_1.13.2/STM32CubeIDE/plugins/com.st.stm32cube.ide.mcu.externaltools.gnu-tools-for-stm32.11.3.rel1.win32_1.1.1.202309131626/tools/bin/../lib/gcc/arm-none-eabi/11.3.1/../../../../arm-none-eabi/lib/thumb/v7-m/nofp\libc_nano.a(libc_a-findfp.o) (__sread)
D:/Embedded Systems/STM32CubeIDE_1.13.2/STM32CubeIDE/plugins/com.st.stm32cube.ide.mcu.externaltools.gnu-tools-for-stm32.11.3.rel1.win32_1.1.1.202309131626/tools/bin/../lib/gcc/arm-none-eabi/11.3.1/../../../../arm-none-eabi/lib/thumb/v7-m/nofp\libc_nano.a(libc_a-memset.o)
                              D:/Embedded Systems/STM32CubeIDE_1.13.2/STM32CubeIDE/plugins/com.st.stm32cube.ide.mcu.externaltools.gnu-tools-for-stm32.11.3.rel1.win32_1.1.1.202309131626/tools/bin/../lib/gcc/arm-none-eabi/11.3.1/../../../../arm-none-eabi/lib/thumb/v7-m/nofp/crt0.o (memset)
D:/Embedded Systems/STM32CubeIDE_1.13.2/STM32CubeIDE/plugins/com.st.stm32cube.ide.mcu.externaltools.gnu-tools-for-stm32.11.3.rel1.win32_1.1.1.202309131626/tools/bin/../lib/gcc/arm-none-eabi/11.3.1/../../../../arm-none-eabi/lib/thumb/v7-m/nofp\libc_nano.a(libc_a-closer.o)
                              D:/Embedded Systems/STM32CubeIDE_1.13.2/STM32CubeIDE/plugins/com.st.stm32cube.ide.mcu.externaltools.gnu-tools-for-stm32.11.3.rel1.win32_1.1.1.202309131626/tools/bin/../lib/gcc/arm-none-eabi/11.3.1/../../../../arm-none-eabi/lib/thumb/v7-m/nofp\libc_nano.a(libc_a-stdio.o) (_close_r)
D:/Embedded Systems/STM32CubeIDE_1.13.2/STM32CubeIDE/plugins/com.st.stm32cube.ide.mcu.externaltools.gnu-tools-for-stm32.11.3.rel1.win32_1.1.1.202309131626/tools/bin/../lib/gcc/arm-none-eabi/11.3.1/../../../../arm-none-eabi/lib/thumb/v7-m/nofp\libc_nano.a(libc_a-reent.o)
                              D:/Embedded Systems/STM32CubeIDE_1.13.2/STM32CubeIDE/plugins/com.st.stm32cube.ide.mcu.externaltools.gnu-tools-for-stm32.11.3.rel1.win32_1.1.1.202309131626/tools/bin/../lib/gcc/arm-none-eabi/11.3.1/../../../../arm-none-eabi/lib/thumb/v7-m/nofp\libc_nano.a(libc_a-closer.o) (errno)
D:/Embedded Systems/STM32CubeIDE_1.13.2/STM32CubeIDE/plugins/com.st.stm32cube.ide.mcu.externaltools.gnu-tools-for-stm32.11.3.rel1.win32_1.1.1.202309131626/tools/bin/../lib/gcc/arm-none-eabi/11.3.1/../../../../arm-none-eabi/lib/thumb/v7-m/nofp\libc_nano.a(libc_a-impure.o)
                              D:/Embedded Systems/STM32CubeIDE_1.13.2/STM32CubeIDE/plugins/com.st.stm32cube.ide.mcu.externaltools.gnu-tools-for-stm32.11.3.rel1.win32_1.1.1.202309131626/tools/bin/../lib/gcc/arm-none-eabi/11.3.1/../../../../arm-none-eabi/lib/thumb/v7-m/nofp\libc_nano.a(libc_a-reent.o) (_impure_ptr)
D:/Embedded Systems/STM32CubeIDE_1.13.2/STM32CubeIDE/plugins/com.st.stm32cube.ide.mcu.externaltools.gnu-tools-for-stm32.11.3.rel1.win32_1.1.1.202309131626/tools/bin/../lib/gcc/arm-none-eabi/11.3.1/../../../../arm-none-eabi/lib/thumb/v7-m/nofp\libc_nano.a(libc_a-lseekr.o)
[...]
Memory Configuration

Name             Origin             Length             Attributes
RAM              0x0000000020000000 0x0000000000005000 xrw
FLASH            0x0000000008000000 0x0000000000010000 xr
*default*        0x0000000000000000 0xffffffffffffffff

Linker script and memory map

LOAD D:/Embedded Systems/STM32CubeIDE_1.13.2/STM32CubeIDE/plugins/com.st.stm32cube.ide.mcu.externaltools.gnu-tools-for-stm32.11.3.rel1.win32_1.1.1.202309131626/tools/bin/../lib/gcc/arm-none-eabi/11.3.1/thumb/v7-m/nofp/crti.o
LOAD D:/Embedded Systems/STM32CubeIDE_1.13.2/STM32CubeIDE/plugins/com.st.stm32cube.ide.mcu.externaltools.gnu-tools-for-stm32.11.3.rel1.win32_1.1.1.202309131626/tools/bin/../lib/gcc/arm-none-eabi/11.3.1/thumb/v7-m/nofp/crtbegin.o
LOAD D:/Embedded Systems/STM32CubeIDE_1.13.2/STM32CubeIDE/plugins/com.st.stm32cube.ide.mcu.externaltools.gnu-tools-for-stm32.11.3.rel1.win32_1.1.1.202309131626/tools/bin/../lib/gcc/arm-none-eabi/11.3.1/../../../../arm-none-eabi/lib/thumb/v7-m/nofp/crt0.o
LOAD ./Src/main.o
LOAD ./Src/syscalls.o
LOAD ./Src/sysmem.o
LOAD ./Startup/startup_stm32f103c8tx.o
START GROUP
LOAD D:/Embedded Systems/STM32CubeIDE_1.13.2/STM32CubeIDE/plugins/com.st.stm32cube.ide.mcu.externaltools.gnu-tools-for-stm32.11.3.rel1.win32_1.1.1.202309131626/tools/bin/../lib/gcc/arm-none-eabi/11.3.1/../../../../arm-none-eabi/lib/thumb/v7-m/nofp\libc_nano.a
LOAD D:/Embedded Systems/STM32CubeIDE_1.13.2/STM32CubeIDE/plugins/com.st.stm32cube.ide.mcu.externaltools.gnu-tools-for-stm32.11.3.rel1.win32_1.1.1.202309131626/tools/bin/../lib/gcc/arm-none-eabi/11.3.1/../../../../arm-none-eabi/lib/thumb/v7-m/nofp\libm.a
END GROUP
START GROUP
LOAD D:/Embedded Systems/STM32CubeIDE_1.13.2/STM32CubeIDE/plugins/com.st.stm32cube.ide.mcu.externaltools.gnu-tools-for-stm32.11.3.rel1.win32_1.1.1.202309131626/tools/bin/../lib/gcc/arm-none-eabi/11.3.1/thumb/v7-m/nofp\libgcc.a
LOAD D:/Embedded Systems/STM32CubeIDE_1.13.2/STM32CubeIDE/plugins/com.st.stm32cube.ide.mcu.externaltools.gnu-tools-for-stm32.11.3.rel1.win32_1.1.1.202309131626/tools/bin/../lib/gcc/arm-none-eabi/11.3.1/../../../../arm-none-eabi/lib/thumb/v7-m/nofp\libc_nano.a
END GROUP
START GROUP
LOAD D:/Embedded Systems/STM32CubeIDE_1.13.2/STM32CubeIDE/plugins/com.st.stm32cube.ide.mcu.externaltools.gnu-tools-for-stm32.11.3.rel1.win32_1.1.1.202309131626/tools/bin/../lib/gcc/arm-none-eabi/11.3.1/thumb/v7-m/nofp\libgcc.a
LOAD D:/Embedded Systems/STM32CubeIDE_1.13.2/STM32CubeIDE/plugins/com.st.stm32cube.ide.mcu.externaltools.gnu-tools-for-stm32.11.3.rel1.win32_1.1.1.202309131626/tools/bin/../lib/gcc/arm-none-eabi/11.3.1/../../../../arm-none-eabi/lib/thumb/v7-m/nofp\libc_nano.a
LOAD D:/Embedded Systems/STM32CubeIDE_1.13.2/STM32CubeIDE/plugins/com.st.stm32cube.ide.mcu.externaltools.gnu-tools-for-stm32.11.3.rel1.win32_1.1.1.202309131626/tools/bin/../lib/gcc/arm-none-eabi/11.3.1/../../../../arm-none-eabi/lib/thumb/v7-m/nofp\libnosys.a
END GROUP
START GROUP
LOAD D:/Embedded Systems/STM32CubeIDE_1.13.2/STM32CubeIDE/plugins/com.st.stm32cube.ide.mcu.externaltools.gnu-tools-for-stm32.11.3.rel1.win32_1.1.1.202309131626/tools/bin/../lib/gcc/arm-none-eabi/11.3.1/thumb/v7-m/nofp\libgcc.a
LOAD D:/Embedded Systems/STM32CubeIDE_1.13.2/STM32CubeIDE/plugins/com.st.stm32cube.ide.mcu.externaltools.gnu-tools-for-stm32.11.3.rel1.win32_1.1.1.202309131626/tools/bin/../lib/gcc/arm-none-eabi/11.3.1/../../../../arm-none-eabi/lib/thumb/v7-m/nofp\libc_nano.a
LOAD D:/Embedded Systems/STM32CubeIDE_1.13.2/STM32CubeIDE/plugins/com.st.stm32cube.ide.mcu.externaltools.gnu-tools-for-stm32.11.3.rel1.win32_1.1.1.202309131626/tools/bin/../lib/gcc/arm-none-eabi/11.3.1/../../../../arm-none-eabi/lib/thumb/v7-m/nofp\libnosys.a
END GROUP
LOAD D:/Embedded Systems/STM32CubeIDE_1.13.2/STM32CubeIDE/plugins/com.st.stm32cube.ide.mcu.externaltools.gnu-tools-for-stm32.11.3.rel1.win32_1.1.1.202309131626/tools/bin/../lib/gcc/arm-none-eabi/11.3.1/thumb/v7-m/nofp/crtend.o
LOAD D:/Embedded Systems/STM32CubeIDE_1.13.2/STM32CubeIDE/plugins/com.st.stm32cube.ide.mcu.externaltools.gnu-tools-for-stm32.11.3.rel1.win32_1.1.1.202309131626/tools/bin/../lib/gcc/arm-none-eabi/11.3.1/thumb/v7-m/nofp/crtn.o
                0x0000000020005000                _estack = (ORIGIN (RAM) + LENGTH (RAM))
                0x0000000000000200                _Min_Heap_Size = 0x200
                0x0000000000000400                _Min_Stack_Size = 0x400

.isr_vector     0x0000000008000000      0x130
                0x0000000008000000                . = ALIGN (0x4)
 *(.isr_vector)
 .isr_vector    0x0000000008000000      0x130 ./Startup/startup_stm32f103c8tx.o
                0x0000000008000000                g_pfnVectors
                0x0000000008000130                . = ALIGN (0x4)

.text           0x0000000008000130      0x270
                0x0000000008000130                . = ALIGN (0x4)
 *(.text)
 .text          0x0000000008000130       0x40 D:/Embedded Systems/STM32CubeIDE_1.13.2/STM32CubeIDE/plugins/com.st.stm32cube.ide.mcu.externaltools.gnu-tools-for-stm32.11.3.rel1.win32_1.1.1.202309131626/tools/bin/../lib/gcc/arm-none-eabi/11.3.1/thumb/v7-m/nofp/crtbegin.o
 *(.text*)
 .text.Task1    0x0000000008000170       0x40 ./Src/main.o
                0x0000000008000170                Task1
 .text.Task2    0x00000000080001b0       0x18 ./Src/main.o
                0x00000000080001b0                Task2
 .text.Task3    0x00000000080001c8       0x18 ./Src/main.o
                0x00000000080001c8                Task3
 .text.Task4    0x00000000080001e0       0x44 ./Src/main.o
                0x00000000080001e0                Task4
 .text.main     0x0000000008000224      0x114 ./Src/main.o
                0x0000000008000224                main
 .text.Reset_Handler
                0x0000000008000338       0x4c ./Startup/startup_stm32f103c8tx.o
                0x0000000008000338                Reset_Handler
 .text.Default_Handler
                0x0000000008000384        0x2 ./Startup/startup_stm32f103c8tx.o
                0x0000000008000384                EXTI2_IRQHandler
                0x0000000008000384                TIM8_TRG_COM_IRQHandler
                0x0000000008000384                TIM8_CC_IRQHandler
                0x0000000008000384                DebugMon_Handler
                0x0000000008000384                TIM1_CC_IRQHandler
                0x0000000008000384                HardFault_Handler
                0x0000000008000384                TIM6_IRQHandler
                0x0000000008000384                SysTick_Handler
                0x0000000008000384                PVD_IRQHandler
                0x0000000008000384                SDIO_IRQHandler
                0x0000000008000384                PendSV_Handler
                0x0000000008000384                NMI_Handler
                0x0000000008000384                EXTI3_IRQHandler
                0x0000000008000384                USB_HP_CAN_TX_IRQHandler
                0x0000000008000384                EXTI0_IRQHandler
                0x0000000008000384                I2C2_EV_IRQHandler
                0x0000000008000384                UsageFault_Handler
                0x0000000008000384                ADC1_2_IRQHandler
                0x0000000008000384                SPI1_IRQHandler
                0x0000000008000384                CAN_SCE_IRQHandler
                0x0000000008000384                TAMPER_IRQHandler
                0x0000000008000384                TIM8_UP_IRQHandler
                0x0000000008000384                DMA2_Channel2_IRQHandler
                0x0000000008000384                DMA1_Channel4_IRQHandler
                0x0000000008000384                USART3_IRQHandler
                0x0000000008000384                RTC_IRQHandler
                0x0000000008000384                DMA1_Channel7_IRQHandler
                0x0000000008000384                UART5_IRQHandler
                0x0000000008000384                ADC3_IRQHandler
                0x0000000008000384                TIM4_IRQHandler
                0x0000000008000384                CAN_RX1_IRQHandler
                0x0000000008000384                DMA2_Channel1_IRQHandler
                0x0000000008000384                I2C1_EV_IRQHandler
                0x0000000008000384                DMA1_Channel6_IRQHandler
                0x0000000008000384                UART4_IRQHandler
                0x0000000008000384                TIM3_IRQHandler
                0x0000000008000384                RCC_IRQHandler
                0x0000000008000384                TIM1_TRG_COM_IRQHandler
                0x0000000008000384                DMA1_Channel1_IRQHandler
                0x0000000008000384                Default_Handler
                0x0000000008000384                EXTI15_10_IRQHandler
                0x0000000008000384                TIM7_IRQHandler
                0x0000000008000384                TIM5_IRQHandler
                0x0000000008000384                EXTI9_5_IRQHandler
                0x0000000008000384                SPI2_IRQHandler
                0x0000000008000384                USB_LP_CAN_RX0_IRQHandler
                0x0000000008000384                MemManage_Handler
                0x0000000008000384                SVC_Handler
                0x0000000008000384                DMA1_Channel5_IRQHandler
                0x0000000008000384                EXTI4_IRQHandler
                0x0000000008000384                DMA1_Channel3_IRQHandler
                0x0000000008000384                FSMC_IRQHandler
                0x0000000008000384                TIM1_UP_IRQHandler
                0x0000000008000384                WWDG_IRQHandler
                0x0000000008000384                TIM2_IRQHandler
                0x0000000008000384                TIM1_BRK_IRQHandler
                0x0000000008000384                EXTI1_IRQHandler
                0x0000000008000384                RTCAlarm_IRQHandler
                0x0000000008000384                DMA2_Channel4_5_IRQHandler
                0x0000000008000384                USART2_IRQHandler
                0x0000000008000384                I2C2_ER_IRQHandler
                0x0000000008000384                DMA1_Channel2_IRQHandler
                0x0000000008000384                TIM8_BRK_IRQHandler
                0x0000000008000384                FLASH_IRQHandler
                0x0000000008000384                BusFault_Handler
                0x0000000008000384                USART1_IRQHandler
                0x0000000008000384                SPI3_IRQHandler
                0x0000000008000384                I2C1_ER_IRQHandler
                0x0000000008000384                DMA2_Channel3_IRQHandler
 *(.glue_7)
 .glue_7        0x0000000008000386        0x0 linker stubs
 *(.glue_7t)
 .glue_7t       0x0000000008000386        0x0 linker stubs
 *(.eh_frame)
 *fill*         0x0000000008000386        0x2 
 .eh_frame      0x0000000008000388        0x0 D:/Embedded Systems/STM32CubeIDE_1.13.2/STM32CubeIDE/plugins/com.st.stm32cube.ide.mcu.externaltools.gnu-tools-for-stm32.11.3.rel1.win32_1.1.1.202309131626/tools/bin/../lib/gcc/arm-none-eabi/11.3.1/thumb/v7-m/nofp/crtbegin.o
 *(.init)
 .init          0x0000000008000388        0x4 D:/Embedded Systems/STM32CubeIDE_1.13.2/STM32CubeIDE/plugins/com.st.stm32cube.ide.mcu.externaltools.gnu-tools-for-stm32.11.3.rel1.win32_1.1.1.202309131626/tools/bin/../lib/gcc/arm-none-eabi/11.3.1/thumb/v7-m/nofp/crti.o
                0x0000000008000388                _init
 .init          0x000000000800038c        0x8 D:/Embedded Systems/STM32CubeIDE_1.13.2/STM32CubeIDE/plugins/com.st.stm32cube.ide.mcu.externaltools.gnu-tools-for-stm32.11.3.rel1.win32_1.1.1.202309131626/tools/bin/../lib/gcc/arm-none-eabi/11.3.1/thumb/v7-m/nofp/crtn.o
 *(.fini)
 .fini          0x0000000008000394        0x4 D:/Embedded Systems/STM32CubeIDE_1.13.2/STM32CubeIDE/plugins/com.st.stm32cube.ide.mcu.externaltools.gnu-tools-for-stm32.11.3.rel1.win32_1.1.1.202309131626/tools/bin/../lib/gcc/arm-none-eabi/11.3.1/thumb/v7-m/nofp/crti.o
                0x0000000008000394                _fini
 .fini          0x0000000008000398        0x8 D:/Embedded Systems/STM32CubeIDE_1.13.2/STM32CubeIDE/plugins/com.st.stm32cube.ide.mcu.externaltools.gnu-tools-for-stm32.11.3.rel1.win32_1.1.1.202309131626/tools/bin/../lib/gcc/arm-none-eabi/11.3.1/thumb/v7-m/nofp/crtn.o
                0x00000000080003a0                . = ALIGN (0x4)
                0x00000000080003a0                _etext = .

.vfp11_veneer   0x00000000080003a0        0x0
 .vfp11_veneer  0x00000000080003a0        0x0 linker stubs

.v4_bx          0x00000000080003a0        0x0
 .v4_bx         0x00000000080003a0        0x0 linker stubs

.iplt           0x00000000080003a0        0x0
 .iplt          0x00000000080003a0        0x0 D:/Embedded Systems/STM32CubeIDE_1.13.2/STM32CubeIDE/plugins/com.st.stm32cube.ide.mcu.externaltools.gnu-tools-for-stm32.11.3.rel1.win32_1.1.1.202309131626/tools/bin/../lib/gcc/arm-none-eabi/11.3.1/thumb/v7-m/nofp/crtbegin.o

.rodata         0x00000000080003a0       0x20
                0x00000000080003a0                . = ALIGN (0x4)
 *(.rodata)
 .rodata        0x00000000080003a0       0x1f ./Src/main.o
 *(.rodata*)
                0x00000000080003c0                . = ALIGN (0x4)
 *fill*         0x00000000080003bf        0x1 

.rel.dyn        0x00000000080003c0        0x0
 .rel.iplt      0x00000000080003c0        0x0 D:/Embedded Systems/STM32CubeIDE_1.13.2/STM32CubeIDE/plugins/com.st.stm32cube.ide.mcu.externaltools.gnu-tools-for-stm32.11.3.rel1.win32_1.1.1.202309131626/tools/bin/../lib/gcc/arm-none-eabi/11.3.1/thumb/v7-m/nofp/crtbegin.o

.ARM.extab      0x00000000080003c0        0x0
                0x00000000080003c0                . = ALIGN (0x4)
 *(.ARM.extab* .gnu.linkonce.armextab.*)
                0x00000000080003c0                . = ALIGN (0x4)

.ARM            0x00000000080003c0        0x0
                0x00000000080003c0                . = ALIGN (0x4)
                0x00000000080003c0                __exidx_start = .
 *(.ARM.exidx*)
                0x00000000080003c0                __exidx_end = .
                0x00000000080003c0                . = ALIGN (0x4)

.preinit_array  0x00000000080003c0        0x0
                0x00000000080003c0                . = ALIGN (0x4)
                0x00000000080003c0                PROVIDE (__preinit_array_start = .)
 *(.preinit_array*)
                0x00000000080003c0                PROVIDE (__preinit_array_end = .)
                0x00000000080003c0                . = ALIGN (0x4)

.init_array     0x00000000080003c0        0x4
                0x00000000080003c0                . = ALIGN (0x4)
                0x00000000080003c0                PROVIDE (__init_array_start = .)
 *(SORT_BY_NAME(.init_array.*))
 *(.init_array*)
 .init_array    0x00000000080003c0        0x4 D:/Embedded Systems/STM32CubeIDE_1.13.2/STM32CubeIDE/plugins/com.st.stm32cube.ide.mcu.externaltools.gnu-tools-for-stm32.11.3.rel1.win32_1.1.1.202309131626/tools/bin/../lib/gcc/arm-none-eabi/11.3.1/thumb/v7-m/nofp/crtbegin.o
                0x00000000080003c4                PROVIDE (__init_array_end = .)
                0x00000000080003c4                . = ALIGN (0x4)

.fini_array     0x00000000080003c4        0x4
                0x00000000080003c4                . = ALIGN (0x4)
                [!provide]                        PROVIDE (__fini_array_start = .)
 *(SORT_BY_NAME(.fini_array.*))
 *(.fini_array*)
 .fini_array    0x00000000080003c4        0x4 D:/Embedded Systems/STM32CubeIDE_1.13.2/STM32CubeIDE/plugins/com.st.stm32cube.ide.mcu.externaltools.gnu-tools-for-stm32.11.3.rel1.win32_1.1.1.202309131626/tools/bin/../lib/gcc/arm-none-eabi/11.3.1/thumb/v7-m/nofp/crtbegin.o
                [!provide]                        PROVIDE (__fini_array_end = .)
                0x00000000080003c8                . = ALIGN (0x4)
                0x00000000080003c8                _sidata = LOADADDR (.data)

.data           0x0000000020000000        0x0 load address 0x00000000080003c8
                0x0000000020000000                . = ALIGN (0x4)
                0x0000000020000000                _sdata = .
 *(.data)
 *(.data*)
 *(.RamFunc)
 *(.RamFunc*)
                0x0000000020000000                . = ALIGN (0x4)
                0x0000000020000000                _edata = .

.igot.plt       0x0000000020000000        0x0 load address 0x00000000080003c8
 .igot.plt      0x0000000020000000        0x0 D:/Embedded Systems/STM32CubeIDE_1.13.2/STM32CubeIDE/plugins/com.st.stm32cube.ide.mcu.externaltools.gnu-tools-for-stm32.11.3.rel1.win32_1.1.1.202309131626/tools/bin/../lib/gcc/arm-none-eabi/11.3.1/thumb/v7-m/nofp/crtbegin.o
                0x0000000020000000                . = ALIGN (0x4)

.bss            0x0000000020000000      0x138 load address 0x00000000080003c8
                0x0000000020000000                _sbss = .
                0x0000000020000000                __bss_start__ = _sbss
 *(.bss)
 .bss           0x0000000020000000       0x1c D:/Embedded Systems/STM32CubeIDE_1.13.2/STM32CubeIDE/plugins/com.st.stm32cube.ide.mcu.externaltools.gnu-tools-for-stm32.11.3.rel1.win32_1.1.1.202309131626/tools/bin/../lib/gcc/arm-none-eabi/11.3.1/thumb/v7-m/nofp/crtbegin.o
 *(.bss*)
 .bss.Task1_Ref
                0x000000002000001c       0x44 ./Src/main.o
                0x000000002000001c                Task1_Ref
 .bss.Task2_Ref
                0x0000000020000060       0x44 ./Src/main.o
                0x0000000020000060                Task2_Ref
 .bss.Task3_Ref
                0x00000000200000a4       0x44 ./Src/main.o
                0x00000000200000a4                Task3_Ref
 .bss.Task4_Ref
                0x00000000200000e8       0x44 ./Src/main.o
                0x00000000200000e8                Task4_Ref
 .bss.Task1Led  0x000000002000012c        0x1 ./Src/main.o
                0x000000002000012c                Task1Led
 .bss.Task2Led  0x000000002000012d        0x1 ./Src/main.o
                0x000000002000012d                Task2Led
 .bss.Task3Led  0x000000002000012e        0x1 ./Src/main.o
                0x000000002000012e                Task3Led
 .bss.Task4Led  0x000000002000012f        0x1 ./Src/main.o
                0x000000002000012f                Task4Led
 .bss.counter.1
                0x0000000020000130        0x4 ./Src/main.o
 .bss.counter.0
                0x0000000020000134        0x4 ./Src/main.o
 *(COMMON)
                0x0000000020000138                . = ALIGN (0x4)
                0x0000000020000138                _ebss = .
                0x0000000020000138                __bss_end__ = _ebss

._user_heap_stack
                0x0000000020000138      0x600 load address 0x00000000080003c8
                0x0000000020000138                . = ALIGN (0x8)
                [!provide]                        PROVIDE (end = .)
                0x0000000020000138                PROVIDE (_end = .)
                0x0000000020000338                . = (. + _Min_Heap_Size)
 *fill*         0x0000000020000138      0x200 
                0x0000000020000738                . = (. + _Min_Stack_Size)
 *fill*         0x0000000020000338      0x400 
                0x0000000020000738                . = ALIGN (0x8)
                0x0000000020000738                _eheap = .

/DISCARD/
 libc.a(*)
 libm.a(*)
 libgcc.a(*)

.ARM.attributes
                0x0000000000000000       0x29
 *(.ARM.attributes)
 .ARM.attributes
                0x0000000000000000       0x1d D:/Embedded Systems/STM32CubeIDE_1.13.2/STM32CubeIDE/plugins/com.st.stm32cube.ide.mcu.externaltools.gnu-tools-for-stm32.11.3.rel1.win32_1.1.1.202309131626/tools/bin/../lib/gcc/arm-none-eabi/11.3.1/thumb/v7-m/nofp/crti.o
 .ARM.attributes
                0x000000000000001d       0x2d D:/Embedded Systems/STM32CubeIDE_1.13.2/STM32CubeIDE/plugins/com.st.stm32cube.ide.mcu.externaltools.gnu-tools-for-stm32.11.3.rel1.win32_1.1.1.202309131626/tools/bin/../lib/gcc/arm-none-eabi/11.3.1/thumb/v7-m/nofp/crtbegin.o
 .ARM.attributes
                0x000000000000004a       0x2d ./Src/main.o
 .ARM.attributes
                0x0000000000000077       0x21 ./Startup/startup_stm32f103c8tx.o
 .ARM.attributes
                0x0000000000000098       0x1d D:/Embedded Systems/STM32CubeIDE_1.13.2/STM32CubeIDE/plugins/com.st.stm32cube.ide.mcu.externaltools.gnu-tools-for-stm32.11.3.rel1.win32_1.1.1.202309131626/tools/bin/../lib/gcc/arm-none-eabi/11.3.1/thumb/v7-m/nofp/crtn.o
OUTPUT(MyRTOS.axf elf32-littlearm)
LOAD linker stubs
LOAD D:/Embedded Systems/STM32CubeIDE_1.13.2/STM32CubeIDE/plugins/com.st.stm32cube.ide.mcu.externaltools.gnu-tools-for-stm32.11.3.rel1.win32_1.1.1.202309131626/tools/bin/../lib/gcc/arm-none-eabi/11.3.1/../../../../arm-none-eabi/lib/thumb/v7-m/nofp\libc.a
LOAD D:/Embedded Systems/STM32CubeIDE_1.13.2/STM32CubeIDE/plugins/com.st.stm32cube.ide.mcu.externaltools.gnu-tools-for-stm32.11.3.rel1.win32_1.1.1.202309131626/tools/bin/../lib/gcc/arm-none-eabi/11.3.1/../../../../arm-none-eabi/lib/thumb/v7-m/nofp\libm.a
LOAD D:/Embedded Systems/STM32CubeIDE_1.13.2/STM32CubeIDE/plugins/com.st.stm32cube.ide.mcu.externaltools.gnu-tools-for-stm32.11.3.rel1.win32_1.1.1.202309131626/tools/bin/../lib/gcc/arm-none-eabi/11.3.1/thumb/v7-m/nofp\libgcc.a

.comment        0x0000000000000000       0x43
 .comment       0x0000000000000000       0x43 D:/Embedded Systems/STM32CubeIDE_1.13.2/STM32CubeIDE/plugins/com.st.stm32cube.ide.mcu.externaltools.gnu-tools-for-stm32.11.3.rel1.win32_1.1.1.202309131626/tools/bin/../lib/gcc/arm-none-eabi/11.3.1/thumb/v7-m/nofp/crtbegin.o
                                         0x44 (size before relaxing)
 .comment       0x0000000000000043       0x44 ./Src/main.o

.debug_info     0x0000000000000000      0x31d
 .debug_info    0x0000000000000000      0x2fa ./Src/main.o
 .debug_info    0x00000000000002fa       0x23 ./Startup/startup_stm32f103c8tx.o

.debug_abbrev   0x0000000000000000      0x174
 .debug_abbrev  0x0000000000000000      0x162 ./Src/main.o
 .debug_abbrev  0x0000000000000162       0x12 ./Startup/startup_stm32f103c8tx.o

.debug_aranges  0x0000000000000000       0x68
 .debug_aranges
                0x0000000000000000       0x40 ./Src/main.o
 .debug_aranges
                0x0000000000000040       0x28 ./Startup/startup_stm32f103c8tx.o

.debug_rnglists
                0x0000000000000000       0x45
 .debug_rnglists
                0x0000000000000000       0x2c ./Src/main.o
 .debug_rnglists
                0x000000000000002c       0x19 ./Startup/startup_stm32f103c8tx.o

.debug_macro    0x0000000000000000     0x32eb
 .debug_macro   0x0000000000000000      0x206 ./Src/main.o
 .debug_macro   0x0000000000000206      0xaa2 ./Src/main.o
 .debug_macro   0x0000000000000ca8       0x22 ./Src/main.o
 .debug_macro   0x0000000000000cca       0x8e ./Src/main.o
 .debug_macro   0x0000000000000d58       0x51 ./Src/main.o
 .debug_macro   0x0000000000000da9      0x103 ./Src/main.o
 .debug_macro   0x0000000000000eac       0x6a ./Src/main.o
 .debug_macro   0x0000000000000f16      0x1df ./Src/main.o
 .debug_macro   0x00000000000010f5       0x24 ./Src/main.o
 .debug_macro   0x0000000000001119       0x61 ./Src/main.o
 .debug_macro   0x000000000000117a       0x43 ./Src/main.o
 .debug_macro   0x00000000000011bd       0x34 ./Src/main.o
 .debug_macro   0x00000000000011f1       0x16 ./Src/main.o
 .debug_macro   0x0000000000001207      0x10e ./Src/main.o
 .debug_macro   0x0000000000001315       0x8d ./Src/main.o
 .debug_macro   0x00000000000013a2       0x16 ./Src/main.o
 .debug_macro   0x00000000000013b8       0x43 ./Src/main.o
 .debug_macro   0x00000000000013fb       0x34 ./Src/main.o
 .debug_macro   0x000000000000142f       0x10 ./Src/main.o
 .debug_macro   0x000000000000143f       0x58 ./Src/main.o
 .debug_macro   0x0000000000001497       0x8e ./Src/main.o
 .debug_macro   0x0000000000001525       0x1c ./Src/main.o
 .debug_macro   0x0000000000001541      0x177 ./Src/main.o
 .debug_macro   0x00000000000016b8      0x369 ./Src/main.o
 .debug_macro   0x0000000000001a21       0x16 ./Src/main.o
 .debug_macro   0x0000000000001a37       0x29 ./Src/main.o
 .debug_macro   0x0000000000001a60       0x1c ./Src/main.o
 .debug_macro   0x0000000000001a7c       0x35 ./Src/main.o
 .debug_macro   0x0000000000001ab1       0x10 ./Src/main.o
 .debug_macro   0x0000000000001ac1       0x1c ./Src/main.o
 .debug_macro   0x0000000000001add       0x16 ./Src/main.o
 .debug_macro   0x0000000000001af3      0x147 ./Src/main.o
 .debug_macro   0x0000000000001c3a      0x6be ./Src/main.o
 .debug_macro   0x00000000000022f8       0x28 ./Src/main.o
 .debug_macro   0x0000000000002320       0x1c ./Src/main.o
 .debug_macro   0x000000000000233c       0x22 ./Src/main.o
 .debug_macro   0x000000000000235e       0xdf ./Src/main.o
 .debug_macro   0x000000000000243d      0xe34 ./Src/main.o
 .debug_macro   0x0000000000003271       0x2e ./Src/main.o
 .debug_macro   0x000000000000329f       0x16 ./Src/main.o
 .debug_macro   0x00000000000032b5       0x16 ./Src/main.o
 .debug_macro   0x00000000000032cb       0x20 ./Src/main.o

.debug_line     0x0000000000000000      0xa71
 .debug_line    0x0000000000000000      0x9f7 ./Src/main.o
 .debug_line    0x00000000000009f7       0x7a ./Startup/startup_stm32f103c8tx.o

.debug_str      0x0000000000000000     0xf667
 .debug_str     0x0000000000000000     0xf638 ./Src/main.o
                                       0xf840 (size before relaxing)
 .debug_str     0x000000000000f638       0x2f ./Startup/startup_stm32f103c8tx.o
                                         0x8b (size before relaxing)

.debug_frame    0x0000000000000000       0x94
 .debug_frame   0x0000000000000000       0x94 ./Src/main.o

.debug_line_str
                0x0000000000000000       0x7f
 .debug_line_str
                0x0000000000000000       0x7f ./Startup/startup_stm32f103c8tx.o
                                         0x97 (size before relaxing)
